100
100
100
50
100
100
100
10
100
20
100
100
20
5
5
5
100
100
100
100
