100
50
100
100
20
100
100
100
100
100
100
100
100
100
100
100
100
50
50
100
100
100
100
100
100
100
100
100
50
100
100
100
100
100
100
100
100
100
100
50
50
100
100
25
100
100
100
100
100
100
100
100
100
100
20
100
100
50
100
100
100
100
100
50
100
25
100
50
100
100
100
100
100
50
100
100
100
100
100
100
100
100
100
100
100
100
50
100
100
50
