100
100
100
50
100
100
100
100
100
100
100
100
100
100
100
100
5
100
100
100
100
100
100
100
100
100
100
100
100
100
100
100
100
100
50
50
100
100
100
100
4
100
100
100
100
100
100
100
100
100
100
100
100
100
50
100
100
100
100
100
100
100
100
100
100
100
100
100
100
100
