1070
441
1046
1568
434
880
872
576
848
117
553
1364
1560
550
0
502
654
444
32
0
938
2080
204
600
1450
952
1526
758
774
549
1613
2051
105
1137
874
630
553
2579
1178
507
600
0
788
108
1376
1801
358
465
1488
848
938
398
0
0
630
1178
0
414
0
32
1013
1348
421
105
0
0
974
588
708
1070
170
460
390
1178
68
156
1810
108
974
848
117
108
1450
1534
140
780
140
1970
220
938
2119
675
460
755
848
1705
72
398
1613
1369
