100
100
100
50
100
100
100
100
100
100
100
100
100
100
100
100
100
100
100
100
100
100
100
100
100
100
100
100
100
100
100
100
100
100
50
25
100
100
100
100
100
2
100
100
100
100
100
100
100
100
