20
10
20
20
20
20
20
20
20
20
20
20
20
20
20
20
20
10
10
20
10
20
20
20
20
20
20
20
10
20
20
1
20
20
20
20
20
20
20
10
10
20
20
5
20
20
20
10
20
20
20
20
20
20
20
20
20
10
20
10
20
20
20
10
20
5
20
20
20
20
20
10
10
10
20
20
10
20
20
20
10
20
20
10
20
20
10
20
20
20
20
10
20
10
5
10
20
10
20
50
