10844
17491
1706
15334
8227
2882
1165
4122
8142
0
12047
1778
6394
8295
5214
15250
11238
4051
10201
9800
13561
1449
8272
8580
9823
10152
8245
613
12354
7752
18822
3575
216
1691
2129
6714
4260
13185
247
8602
11833
7327
13354
11897
1425
3064
19608
2077
13959
5112
7677
9887
3767
14887
16237
90
9842
12648
4068
1122
10428
184
11446
11771
2598
2860
11350
1292
2104
2684
10834
3075
11671
12608
19242
12967
14199
7104
11976
2829
4294
822
3546
100
11458
5398
6899
6219
6988
16255
9880
6185
22128
11482
9553
9901
9080
16071
0
3908
