444444444444444444422222222222222222222222222222220000000000000000000000000000000000000000000000000000000000
